Section: code (binToBin.809_o) load at C000, length 0020
Section: code (binToBinDigits.809_o) load at C020, length 0028
Section: code (binToDec.809_o) load at C048, length 0066
Section: code (binToHex.809_o) load at C0AE, length 003D
Section: code (binToHexDigit.809_o) load at C0EB, length 001D
Section: code (clearLSN.809_o) load at C108, length 000B
Section: code (copyLSN.809_o) load at C113, length 000C
Section: code (getHexByte.809_o) load at C11F, length 0011
Section: code (getHexDigit.809_o) load at C130, length 0020
Section: code (getHexWord.809_o) load at C150, length 000B
Section: code (getLChar.809_o) load at C15B, length 000E
Section: code (incLSN.809_o) load at C169, length 001E
Section: code (padToCol.809_o) load at C187, length 0019
Section: code (printNum.809_o) load at C1A0, length 003C
Section: code (putHexByte.809_o) load at C1DC, length 0013
Section: code (putHexDigit.809_o) load at C1EF, length 0012
Section: code (putHexWord.809_o) load at C201, length 000C
Section: code (putNL.809_o) load at C20D, length 000E
Section: code (putPrintableChar.809_o) load at C21B, length 0012
Section: code (putStr.809_o) load at C22D, length 000E
Section: code (putnpStr.809_o) load at C23B, length 0011
Section: code (skipLine.809_o) load at C24C, length 000B
Section: code (strToUpper.809_o) load at C257, length 0017
Section: code (args.809_o) load at C26E, length 0062
Section: code (bobmon.809_o) load at C2D0, length 022E
Section: code (boot_cmd.809_o) load at C4FE, length 0054
Section: code (cf_io.809_o) load at C552, length 012D
Section: code (commands.809_o) load at C67F, length 010C
Section: code (cpu_cmd.809_o) load at C78B, length 00EA
Section: code (devices.809_o) load at C875, length 00F4
Section: code (disasm.809_o) load at C969, length 0003
Section: code (disk_cmd.809_o) load at C96C, length 01B1
Section: code (dump_cmd.809_o) load at CB1D, length 010F
Section: code (fat16.809_o) load at CC2C, length 01E7
Section: code (go_cmd.809_o) load at CE13, length 009D
Section: code (help_cmd.809_o) load at CEB0, length 0073
Section: code (load_cmd.809_o) load at CF23, length 0567
Section: code (mc6850.809_o) load at D48A, length 0076
Section: code (radix_cmds.809_o) load at D500, length 0127
Section: code (register_cmd.809_o) load at D627, length 0092
Section: code (stdio.809_o) load at D6B9, length 004E
Section: code (string_functions.809_o) load at D707, length 00B2
Section: code (syscalls.809_o) load at D7B9, length 0075
Section: code (unassemble_cmd.809_o) load at D82E, length 00CB
Section: code (window_cmd.809_o) load at D8F9, length 00B0
Section: code (zob_cmd.809_o) load at D9A9, length 0035
Section: vectors (system_vectors.809_o) load at FFF0, length 0010
Section: globals (putPrintableChar.809_o) load at 7FFE, length 0001
Section: globals (bobmon.809_o) load at 7FED, length 0011
Section: globals (cf_io.809_o) load at 7DE9, length 0204
Section: globals (commands.809_o) load at 7D96, length 0053
Section: globals (devices.809_o) load at 7D94, length 0002
Section: globals (disasm.809_o) load at 7821, length 0573
Section: globals (fat16.809_o) load at 7804, length 001D
Section: globals (load_cmd.809_o) load at 77FF, length 0005
Section: globals (radix_cmds.809_o) load at 77FE, length 0001
Section: globals (register_cmd.809_o) load at 77F4, length 000A
Section: globals (stdio.809_o) load at 77EF, length 0005
Section: globals (string_functions.809_o) load at 77ED, length 0002
Section: globals (unassemble_cmd.809_o) load at 77EB, length 0002
Symbol: \02code (args.809_o) = C26E
Symbol: \02code (binToBin.809_o) = C000
Symbol: \02code (binToBinDigits.809_o) = C020
Symbol: \02code (binToDec.809_o) = C048
Symbol: \02code (binToHex.809_o) = C0AE
Symbol: \02code (binToHexDigit.809_o) = C0EB
Symbol: \02code (bobmon.809_o) = C2D0
Symbol: \02code (boot_cmd.809_o) = C4FE
Symbol: \02code (cf_io.809_o) = C552
Symbol: \02code (clearLSN.809_o) = C108
Symbol: \02code (commands.809_o) = C67F
Symbol: \02code (copyLSN.809_o) = C113
Symbol: \02code (cpu_cmd.809_o) = C78B
Symbol: \02code (devices.809_o) = C875
Symbol: \02code (disasm.809_o) = C969
Symbol: \02code (disk_cmd.809_o) = C96C
Symbol: \02code (dump_cmd.809_o) = CB1D
Symbol: \02code (fat16.809_o) = CC2C
Symbol: \02code (getHexByte.809_o) = C11F
Symbol: \02code (getHexDigit.809_o) = C130
Symbol: \02code (getHexWord.809_o) = C150
Symbol: \02code (getLChar.809_o) = C15B
Symbol: \02code (go_cmd.809_o) = CE13
Symbol: \02code (help_cmd.809_o) = CEB0
Symbol: \02code (incLSN.809_o) = C169
Symbol: \02code (load_cmd.809_o) = CF23
Symbol: \02code (mc6850.809_o) = D48A
Symbol: \02code (padToCol.809_o) = C187
Symbol: \02code (printNum.809_o) = C1A0
Symbol: \02code (putHexByte.809_o) = C1DC
Symbol: \02code (putHexDigit.809_o) = C1EF
Symbol: \02code (putHexWord.809_o) = C201
Symbol: \02code (putNL.809_o) = C20D
Symbol: \02code (putPrintableChar.809_o) = C21B
Symbol: \02code (putStr.809_o) = C22D
Symbol: \02code (putnpStr.809_o) = C23B
Symbol: \02code (radix_cmds.809_o) = D500
Symbol: \02code (register_cmd.809_o) = D627
Symbol: \02code (skipLine.809_o) = C24C
Symbol: \02code (stdio.809_o) = D6B9
Symbol: \02code (strToUpper.809_o) = C257
Symbol: \02code (string_functions.809_o) = D707
Symbol: \02code (syscalls.809_o) = D7B9
Symbol: \02code (unassemble_cmd.809_o) = D82E
Symbol: \02code (window_cmd.809_o) = D8F9
Symbol: \02code (zob_cmd.809_o) = D9A9
Symbol: \02globals (bobmon.809_o) = 7FED
Symbol: \02globals (cf_io.809_o) = 7DE9
Symbol: \02globals (commands.809_o) = 7D96
Symbol: \02globals (devices.809_o) = 7D94
Symbol: \02globals (disasm.809_o) = 7821
Symbol: \02globals (fat16.809_o) = 7804
Symbol: \02globals (load_cmd.809_o) = 77FF
Symbol: \02globals (putPrintableChar.809_o) = 7FFE
Symbol: \02globals (radix_cmds.809_o) = 77FE
Symbol: \02globals (register_cmd.809_o) = 77F4
Symbol: \02globals (stdio.809_o) = 77EF
Symbol: \02globals (string_functions.809_o) = 77ED
Symbol: \02globals (unassemble_cmd.809_o) = 77EB
Symbol: \02vectors (system_vectors.809_o) = FFF0
Symbol: ADDR (disasm.809_o) = 7821
Symbol: AM (disasm.809_o) = 7824
Symbol: BELL (bobmon.809_o) = 7FF4
Symbol: BS (bobmon.809_o) = 7FF5
Symbol: BlockDevices (devices.809_o) = C879
Symbol: CR (bobmon.809_o) = 7FFA
Symbol: CTRLC (bobmon.809_o) = 7FF0
Symbol: CharDevices (devices.809_o) = C875
Symbol: DEL (bobmon.809_o) = 806C
Symbol: Done (binToBin.809_o) = C01E
Symbol: Done (binToHex.809_o) = C0E9
Symbol: Done (getLChar.809_o) = C168
Symbol: Done (incLSN.809_o) = C185
Symbol: Done (putStr.809_o) = C239
Symbol: Done (strToUpper.809_o) = C26C
Symbol: EOS (bobmon.809_o) = 7FED
Symbol: ERR (bobmon.809_o) = 7FED
Symbol: FIRST (disasm.809_o) = 782C
Symbol: LEN (disasm.809_o) = 7827
Symbol: LF (bobmon.809_o) = 7FF7
Symbol: Loop (putStr.809_o) = C22F
Symbol: Loop (strToUpper.809_o) = C259
Symbol: LowByte (binToHex.809_o) = C0CF
Symbol: MAX_ARGS (bobmon.809_o) = 7FF2
Symbol: MAX_LINE (bobmon.809_o) = 803D
Symbol: NO (bobmon.809_o) = 7FED
Symbol: Next (strToUpper.809_o) = C267
Symbol: OK (bobmon.809_o) = 7FEE
Symbol: OPCODE (disasm.809_o) = 7823
Symbol: OPTYPE (disasm.809_o) = 7825
Symbol: PAGE23 (disasm.809_o) = 782D
Symbol: POSTBYT (disasm.809_o) = 7826
Symbol: SPACE (bobmon.809_o) = 800D
Symbol: SWIDone (syscalls.809_o) = D7E4
Symbol: SWIMax (syscalls.809_o) = D7C2
Symbol: SWITable (syscalls.809_o) = D7D2
Symbol: SWIend (syscalls.809_o) = D7E4
Symbol: SerialDCB0 (mc6850.809_o) = D48A
Symbol: SerialDCB1 (mc6850.809_o) = D498
Symbol: SerialInfo (mc6850.809_o) = D4A6
Symbol: TAB (bobmon.809_o) = 7FF6
Symbol: TEMP (disasm.809_o) = 7828
Symbol: TEMP1 (disasm.809_o) = 782A
Symbol: YES (bobmon.809_o) = 7FEE
Symbol: Zero (binToBin.809_o) = C018
Symbol: Zero (binToHex.809_o) = C0E3
Symbol: addFATLen (fat16.809_o) = CC7F
Symbol: appTerminated (bobmon.809_o) = C307
Symbol: app_terminated_ok_msg (bobmon.809_o) = C362
Symbol: app_terminated_with_error_msg (bobmon.809_o) = C341
Symbol: at_msg (devices.809_o) = C961
Symbol: attempt_msg (load_cmd.809_o) = D025
Symbol: badDigit (getHexDigit.809_o) = C14D
Symbol: bad_fmt_msg (load_cmd.809_o) = D15E
Symbol: bfSizeOK (disk_cmd.809_o) = C9E1
Symbol: binToBin (binToBin.809_o) = C000
Symbol: binToBinDigits (binToBinDigits.809_o) = C020
Symbol: binToDec (binToDec.809_o) = C048
Symbol: binToHex (binToHex.809_o) = C0AE
Symbol: binToHexDigit (binToHexDigit.809_o) = C0EB
Symbol: binaryCommand (radix_cmds.809_o) = D54D
Symbol: binaryFn (radix_cmds.809_o) = D5B1
Symbol: binaryHelp (radix_cmds.809_o) = D554
Symbol: blankNext (fat16.809_o) = CDE8
Symbol: block_dev_msg (devices.809_o) = C951
Symbol: bootCommand (boot_cmd.809_o) = C4FE
Symbol: bootFn (boot_cmd.809_o) = C51F
Symbol: bootHelp (boot_cmd.809_o) = C503
Symbol: bootMsg (boot_cmd.809_o) = C527
Symbol: btbdLoop (binToBinDigits.809_o) = C028
Symbol: btbdNext (binToBinDigits.809_o) = C036
Symbol: btbdOne (binToBinDigits.809_o) = C034
Symbol: btbdShift (binToBinDigits.809_o) = C03A
Symbol: btdBufferLoad (binToDec.809_o) = C0A3
Symbol: btdConvert (binToDec.809_o) = C053
Symbol: btdDiv10 (binToDec.809_o) = C055
Symbol: btdHundred (binToDec.809_o) = C068
Symbol: btdOnes (binToDec.809_o) = C081
Symbol: btdTens (binToDec.809_o) = C075
Symbol: btdThousand (binToDec.809_o) = C059
Symbol: bthdDone (binToHexDigit.809_o) = C106
Symbol: bthdLetter (binToHexDigit.809_o) = C0FE
Symbol: bthdMustPrint (binToHexDigit.809_o) = C0F6
Symbol: bthdStash (binToHexDigit.809_o) = C102
Symbol: bufsiz (disasm.809_o) = 784E
Symbol: caddroptop (disasm.809_o) = 7D36
Symbol: cfInfo (cf_io.809_o) = C60E
Symbol: cfInit (cf_io.809_o) = C552
Symbol: cfRdNext (cf_io.809_o) = C5CB
Symbol: cfRdWait (cf_io.809_o) = C5CB
Symbol: cfRead (cf_io.809_o) = C5B1
Symbol: cfReadBuff (cf_io.809_o) = C5C3
Symbol: cfSetLSN (cf_io.809_o) = C5F6
Symbol: cfWait (cf_io.809_o) = C5A7
Symbol: cfWrNext (cf_io.809_o) = C5E5
Symbol: cfWrWait (cf_io.809_o) = C5E5
Symbol: cfWrite (cf_io.809_o) = C5DB
Symbol: cfiFWMsg (cf_io.809_o) = C669
Symbol: cfiModelMsg (cf_io.809_o) = C674
Symbol: cfiSerMsg (cf_io.809_o) = C65E
Symbol: charToHex (string_functions.809_o) = D73F
Symbol: char_dev_msg (devices.809_o) = C93D
Symbol: clAmbiguousCommand (bobmon.809_o) = C3DC
Symbol: clTooFewArgs (bobmon.809_o) = C3D3
Symbol: clTooManyArgs (bobmon.809_o) = C3CA
Symbol: clUnknownCommand (bobmon.809_o) = C3E6
Symbol: cl_ambiguous_msg (bobmon.809_o) = C45C
Symbol: cl_too_few_msg (bobmon.809_o) = C485
Symbol: cl_too_many_msg (bobmon.809_o) = C4A6
Symbol: cl_unknown_msg (bobmon.809_o) = C473
Symbol: clearLSN (clearLSN.809_o) = C108
Symbol: cmd_table (commands.809_o) = C67F
Symbol: cmpNextChar (disk_cmd.809_o) = C9C0
Symbol: coptop (disasm.809_o) = 7D3C
Symbol: copyLSN (copyLSN.809_o) = C113
Symbol: cpuCommand (cpu_cmd.809_o) = C78B
Symbol: cpuFn (cpu_cmd.809_o) = C7AA
Symbol: cpuHelp (cpu_cmd.809_o) = C78F
Symbol: cpu_6809_msg (bobmon.809_o) = C2FB
Symbol: cthDone (string_functions.809_o) = D76B
Symbol: cthErr (string_functions.809_o) = D769
Symbol: cthNotNum (string_functions.809_o) = D74B
Symbol: cthNotUpper (string_functions.809_o) = D759
Symbol: cthOk (string_functions.809_o) = D765
Symbol: daDot (dump_cmd.809_o) = CC22
Symbol: daLoop (dump_cmd.809_o) = CC24
Symbol: daNext (dump_cmd.809_o) = CC18
Symbol: daPrNextArg (args.809_o) = C2BD
Symbol: da_msg_1 (args.809_o) = C2CA
Symbol: dbNext (dump_cmd.809_o) = CC05
Symbol: dc6309 (cpu_cmd.809_o) = C7C2
Symbol: dcDone (cpu_cmd.809_o) = C7FA
Symbol: dcNative (cpu_cmd.809_o) = C7F3
Symbol: dcRTI (cpu_cmd.809_o) = C7E0
Symbol: dc_6309_msg (cpu_cmd.809_o) = C824
Symbol: dc_6809_msg (cpu_cmd.809_o) = C812
Symbol: dc_emulation_msg (cpu_cmd.809_o) = C836
Symbol: dc_native_msg (cpu_cmd.809_o) = C857
Symbol: dc_testing_msg (cpu_cmd.809_o) = C7FB
Symbol: ddAllArgs (dump_cmd.809_o) = CB82
Symbol: ddBadArgs (dump_cmd.809_o) = CB79
Symbol: ddDone (dump_cmd.809_o) = CBAE
Symbol: ddJustAddress (dump_cmd.809_o) = CB96
Symbol: ddPr (unassemble_cmd.809_o) = D8DD
Symbol: ddPr2 (unassemble_cmd.809_o) = D8E3
Symbol: ddPr4 (unassemble_cmd.809_o) = D8E9
Symbol: ddProceed (dump_cmd.809_o) = CBA9
Symbol: dd_msg_1 (dump_cmd.809_o) = CBAF
Symbol: ddiBadRoot_msg (disk_cmd.809_o) = CA30
Symbol: ddiBlockBuff_msg (disk_cmd.809_o) = CA9A
Symbol: ddiBootName (disk_cmd.809_o) = CB12
Symbol: ddiCluster_msg (disk_cmd.809_o) = CAFF
Symbol: ddiDone (disk_cmd.809_o) = CA13
Symbol: ddiFileSize_msg (disk_cmd.809_o) = CAE3
Symbol: ddiFileSize_msg2 (disk_cmd.809_o) = CAEC
Symbol: ddiFound_msg (disk_cmd.809_o) = CAB1
Symbol: ddiIncompatible (disk_cmd.809_o) = C99E
Symbol: ddiMsg (disk_cmd.809_o) = C9A8
Symbol: ddiNoDisk (disk_cmd.809_o) = C998
Symbol: ddiNoDisk_msg (disk_cmd.809_o) = CA5E
Symbol: ddiNotFat (disk_cmd.809_o) = C9A4
Symbol: ddiNotFat_msg (disk_cmd.809_o) = CA6E
Symbol: ddiPrEnt (disk_cmd.809_o) = C9B4
Symbol: ddiSize_msg (disk_cmd.809_o) = CAC4
Symbol: ddiValid_msg (disk_cmd.809_o) = CA14
Symbol: ddsep_1_msg (unassemble_cmd.809_o) = D8D9
Symbol: decimalCommand (radix_cmds.809_o) = D521
Symbol: decimalFn (radix_cmds.809_o) = D5AB
Symbol: decimalHelp (radix_cmds.809_o) = D529
Symbol: dgBadArgs (go_cmd.809_o) = CE6C
Symbol: dgDone (go_cmd.809_o) = CE73
Symbol: dgProceed (go_cmd.809_o) = CE54
Symbol: dg_bad_args_msg (go_cmd.809_o) = CE8D
Symbol: dg_running_msg (go_cmd.809_o) = CE74
Symbol: dhCmdDone (help_cmd.809_o) = CEFF
Symbol: dhDone (help_cmd.809_o) = CF09
Symbol: dhNext (help_cmd.809_o) = CED3
Symbol: dhPrChar (help_cmd.809_o) = CEFA
Symbol: dhPrNext (help_cmd.809_o) = CEEB
Symbol: dh_msg_1 (help_cmd.809_o) = CF0A
Symbol: disasm (disasm.809_o) = 7A84
Symbol: disasm10 (disasm.809_o) = 7AB3
Symbol: disassembleInstruction (unassemble_cmd.809_o) = D8A2
Symbol: diskCommand (disk_cmd.809_o) = C96C
Symbol: diskFn (disk_cmd.809_o) = C97E
Symbol: diskHelp (disk_cmd.809_o) = C971
Symbol: dlAbort (load_cmd.809_o) = D0D0
Symbol: dlDisk (load_cmd.809_o) = CFFC
Symbol: dlDone (load_cmd.809_o) = D0D9
Symbol: dlEnd (load_cmd.809_o) = D0E0
Symbol: dlError (load_cmd.809_o) = D0C7
Symbol: dlNextLine (load_cmd.809_o) = D067
Symbol: dlNoDisk (load_cmd.809_o) = D01B
Symbol: dlSerial (load_cmd.809_o) = D05A
Symbol: dlSkipLine (load_cmd.809_o) = D080
Symbol: dloop (printNum.809_o) = C1CF
Symbol: doQuickByte (bobmon.809_o) = C3F9
Symbol: doQuickEnd (bobmon.809_o) = C40A
Symbol: done (getHexDigit.809_o) = C14F
Symbol: done (unassemble_cmd.809_o) = D8F7
Symbol: drBinary (radix_cmds.809_o) = D5D8
Symbol: drDone (radix_cmds.809_o) = D5E8
Symbol: drHex (radix_cmds.809_o) = D5E1
Symbol: ds_msg_1 (dump_cmd.809_o) = CBF9
Symbol: ds_msg_2 (dump_cmd.809_o) = CBFC
Symbol: duBadArgs (unassemble_cmd.809_o) = D87F
Symbol: duDone (unassemble_cmd.809_o) = D87E
Symbol: duNext (unassemble_cmd.809_o) = D875
Symbol: duNoArgs (unassemble_cmd.809_o) = D86A
Symbol: du_msg_1 (unassemble_cmd.809_o) = D887
Symbol: dumpArgs (args.809_o) = C2A4
Symbol: dumpAscii (dump_cmd.809_o) = CC14
Symbol: dumpBytes (dump_cmd.809_o) = CC01
Symbol: dumpCommand (dump_cmd.809_o) = CB1D
Symbol: dumpFn (dump_cmd.809_o) = CB65
Symbol: dumpHelp (dump_cmd.809_o) = CB22
Symbol: dumpSixteen (dump_cmd.809_o) = CBCF
Symbol: dwDone (window_cmd.809_o) = D967
Symbol: dwOverflow (window_cmd.809_o) = D960
Symbol: dwSetWindow (window_cmd.809_o) = D94D
Symbol: dw_msg_1 (window_cmd.809_o) = D968
Symbol: dw_msg_2 (window_cmd.809_o) = D97C
Symbol: end (putnpStr.809_o) = C24A
Symbol: exgtfr (disasm.809_o) = 78F2
Symbol: fatDumpInfo (fat16.809_o) = CD32
Symbol: fatNextDirEnt (fat16.809_o) = CCCB
Symbol: fatPackFileName (fat16.809_o) = CDDB
Symbol: fatPrintDirEnt (fat16.809_o) = CCF8
Symbol: fatRewindDir (fat16.809_o) = CCAA
Symbol: fatValidDisk (fat16.809_o) = CC2C
Symbol: fdi_msg_1 (fat16.809_o) = CD8F
Symbol: fdi_msg_2 (fat16.809_o) = CD99
Symbol: fdi_msg_3 (fat16.809_o) = CDA5
Symbol: fdi_msg_4 (fat16.809_o) = CDB8
Symbol: fdi_msg_5 (fat16.809_o) = CDC9
Symbol: fdirect (disasm.809_o) = 7B36
Symbol: fexg (disasm.809_o) = 7CBA
Symbol: fextended (disasm.809_o) = 7B42
Symbol: fi15off (disasm.809_o) = 7C68
Symbol: fi15pc (disasm.809_o) = 7C41
Symbol: fi15r (disasm.809_o) = 7C23
Symbol: fi7off (disasm.809_o) = 7C5E
Symbol: fi7pc (disasm.809_o) = 7C37
Symbol: fi7r (disasm.809_o) = 7C1F
Symbol: fiaddr (disasm.809_o) = 7C52
Symbol: fiar (disasm.809_o) = 7C11
Symbol: fiarfinish (disasm.809_o) = 7C29
Symbol: fibr (disasm.809_o) = 7C0D
Symbol: fidr (disasm.809_o) = 7C27
Symbol: fidxill (disasm.809_o) = 7C15
Symbol: fijmptab (disasm.809_o) = 7BC5
Symbol: fillegal (disasm.809_o) = 7B0D
Symbol: fimm16 (disasm.809_o) = 7B22
Symbol: fimmediate (disasm.809_o) = 7B0E
Symbol: fimmp (disasm.809_o) = 7C00
Symbol: fimp (disasm.809_o) = 7BEA
Symbol: fimpfinish (disasm.809_o) = 7BF5
Symbol: findex10 (disasm.809_o) = 7B6D
Symbol: findexdone (disasm.809_o) = 7BAA
Symbol: findexed (disasm.809_o) = 7B4E
Symbol: findexfull (disasm.809_o) = 7B83
Symbol: findop (disasm.809_o) = 7AFF
Symbol: findopfound (disasm.809_o) = 7B0B
Symbol: finherent (disasm.809_o) = 7B0D
Symbol: fioffdone (disasm.809_o) = 7C70
Symbol: fiopr16 (disasm.809_o) = 7C80
Symbol: fiopr8 (disasm.809_o) = 7C75
Symbol: fipcdone (disasm.809_o) = 7C46
Symbol: fir (disasm.809_o) = 7C07
Symbol: firp (disasm.809_o) = 7BAB
Symbol: firpp (disasm.809_o) = 7BE5
Symbol: flrelative (disasm.809_o) = 7C9D
Symbol: fndDone (fat16.809_o) = CCF6
Symbol: fndNoMore (fat16.809_o) = CCF4
Symbol: fndSame (fat16.809_o) = CCEA
Symbol: found_err_msg (devices.809_o) = C8B5
Symbol: found_ok_msg (devices.809_o) = C8B2
Symbol: fpage1 (disasm.809_o) = 7AD4
Symbol: fpage2 (disasm.809_o) = 7AF7
Symbol: fpagerest (disasm.809_o) = 7ADA
Symbol: fpd1 (fat16.809_o) = CD09
Symbol: fpdDone (fat16.809_o) = CD30
Symbol: fpdNoDot (fat16.809_o) = CD1C
Symbol: fpdNotDir (fat16.809_o) = CD2D
Symbol: fpdSuffix (fat16.809_o) = CD1F
Symbol: fpfDone (fat16.809_o) = CE11
Symbol: fpfDot (fat16.809_o) = CE01
Symbol: fpushpull (disasm.809_o) = 7CE1
Symbol: fpushpull10 (disasm.809_o) = 7D01
Symbol: fpushpull20 (disasm.809_o) = 7D0D
Symbol: fpushpull50 (disasm.809_o) = 7D15
Symbol: fpushpullexit (disasm.809_o) = 7D20
Symbol: fpushpulls (disasm.809_o) = 7CEC
Symbol: frdOK (fat16.809_o) = CCC9
Symbol: frelative (disasm.809_o) = 7C8B
Symbol: frelptraddr (disasm.809_o) = 7CB5
Symbol: fripnt (disasm.809_o) = 7BB1
Symbol: fvdDone (fat16.809_o) = CCA8
Symbol: fvdIncompatible (fat16.809_o) = CC9F
Symbol: fvdInvalid (fat16.809_o) = CC9B
Symbol: fvdNoDev (fat16.809_o) = CCA3
Symbol: fvdOK (fat16.809_o) = CCA7
Symbol: g.LSN (cf_io.809_o) = 7FE9
Symbol: g.argc (bobmon.809_o) = 7FF0
Symbol: g.argv (bobmon.809_o) = 7FF1
Symbol: g.blockBuff (cf_io.809_o) = 7DE9
Symbol: g.commandLine (commands.809_o) = 7D99
Symbol: g.cpuType (bobmon.809_o) = 7FED
Symbol: g.currentCDev (devices.809_o) = 7D94
Symbol: g.currentColumn (stdio.809_o) = 77F1
Symbol: g.currentDir (fat16.809_o) = 780C
Symbol: g.currentDirEnt (fat16.809_o) = 7814
Symbol: g.dirBlock (fat16.809_o) = 7810
Symbol: g.echo (stdio.809_o) = 77F3
Symbol: g.fatBase (fat16.809_o) = 7804
Symbol: g.fatFileName (fat16.809_o) = 7816
Symbol: g.linesPerPage (bobmon.809_o) = 7FFD
Symbol: g.loadAddress (load_cmd.809_o) = 7800
Symbol: g.loadLength (load_cmd.809_o) = 77FF
Symbol: g.loadType (load_cmd.809_o) = 7802
Symbol: g.loadXsum (load_cmd.809_o) = 7803
Symbol: g.matchCount (commands.809_o) = 7D98
Symbol: g.matchedCCB (commands.809_o) = 7D96
Symbol: g.memoryAddress (bobmon.809_o) = 7FFB
Symbol: g.prevChar (stdio.809_o) = 77F2
Symbol: g.radix (radix_cmds.809_o) = 77FE
Symbol: g.ramEnd (bobmon.809_o) = 7FEE
Symbol: g.regA (register_cmd.809_o) = 77F4
Symbol: g.regB (register_cmd.809_o) = 77F5
Symbol: g.regS (register_cmd.809_o) = 77FC
Symbol: g.regU (register_cmd.809_o) = 77FA
Symbol: g.regX (register_cmd.809_o) = 77F6
Symbol: g.regY (register_cmd.809_o) = 77F8
Symbol: g.rootDir (fat16.809_o) = 7808
Symbol: g.sectorsPerFat (fat16.809_o) = 7806
Symbol: g.unassembleAddress (unassemble_cmd.809_o) = 77EB
Symbol: g.unprintable (putPrintableChar.809_o) = 7FFE
Symbol: g.unprintable (stdio.809_o) = 77EF
Symbol: g.upperNibble (stdio.809_o) = 77F0
Symbol: gbap (disasm.809_o) = 7B1C
Symbol: getChar (stdio.809_o) = D6B9
Symbol: getHexByte (getHexByte.809_o) = C11F
Symbol: getHexDigit (getHexDigit.809_o) = C130
Symbol: getHexWord (getHexWord.809_o) = C150
Symbol: getLChar (getLChar.809_o) = C15B
Symbol: getiHexChecksum (load_cmd.809_o) = D235
Symbol: getibyte (disasm.809_o) = 7D22
Symbol: getiword (disasm.809_o) = 7D2C
Symbol: goCommand (go_cmd.809_o) = CE13
Symbol: goFn (go_cmd.809_o) = CE3F
Symbol: goHelp (go_cmd.809_o) = CE16
Symbol: gwap (disasm.809_o) = 7B30
Symbol: handle_firq (bobmon.809_o) = C4FD
Symbol: handle_irq (bobmon.809_o) = C4FD
Symbol: handle_nmi (bobmon.809_o) = C4FD
Symbol: handle_reset (bobmon.809_o) = C2D0
Symbol: handle_swi (syscalls.809_o) = D7B9
Symbol: handle_swi2 (bobmon.809_o) = C4FD
Symbol: handle_swi3 (bobmon.809_o) = C4FD
Symbol: handle_undef (bobmon.809_o) = C4FD
Symbol: helpCommand (help_cmd.809_o) = CEB0
Symbol: helpFn (help_cmd.809_o) = CEC8
Symbol: helpHelp (help_cmd.809_o) = CEB5
Symbol: hexadecimalCommand (radix_cmds.809_o) = D577
Symbol: hexadecimalFn (radix_cmds.809_o) = D5B7
Symbol: hexadecimalHelp (radix_cmds.809_o) = D583
Symbol: iblDone (string_functions.809_o) = D71F
Symbol: iblEOL (string_functions.809_o) = D71D
Symbol: iblNext (string_functions.809_o) = D709
Symbol: idBlockDevs (devices.809_o) = C8A3
Symbol: idBlockDevsDone (devices.809_o) = C8B0
Symbol: idCharDevs (devices.809_o) = C894
Symbol: idCharDevsDone (devices.809_o) = C8A0
Symbol: idErr (devices.809_o) = C8FB
Symbol: idNext (devices.809_o) = C903
Symbol: idNoDev (devices.809_o) = C8F3
Symbol: ihex_msg (load_cmd.809_o) = D111
Symbol: incLSN (incLSN.809_o) = C169
Symbol: indexidx (disasm.809_o) = 17816
Symbol: indexreg (disasm.809_o) = 78F1
Symbol: iniLoop (bobmon.809_o) = C4CF
Symbol: init (disasm.809_o) = C969
Symbol: initBSS (bobmon.809_o) = C4C5
Symbol: initDevice (devices.809_o) = C8DC
Symbol: initDevices (devices.809_o) = C88D
Symbol: initVars (bobmon.809_o) = C4D7
Symbol: is6809 (bobmon.809_o) = C2E2
Symbol: isBlankLine (string_functions.809_o) = D707
Symbol: jmptab (disasm.809_o) = 7A5D
Symbol: justPad (padToCol.809_o) = C193
Symbol: l_code (<synthetic>) = 19DE
Symbol: l_globals (<synthetic>) = 0814
Symbol: l_vectors (<synthetic>) = 0010
Symbol: lihBadEOF (load_cmd.809_o) = D213
Symbol: lihBadFormat (load_cmd.809_o) = D22A
Symbol: lihBadXsum (load_cmd.809_o) = D220
Symbol: lihData (load_cmd.809_o) = D1DD
Symbol: lihEnd (load_cmd.809_o) = D233
Symbol: lihEndRecord (load_cmd.809_o) = D20C
Symbol: lihFetchDataByte (load_cmd.809_o) = D1EF
Symbol: lihNext (load_cmd.809_o) = D090
Symbol: lihNoMoreData (load_cmd.809_o) = D1FD
Symbol: lmNext (load_cmd.809_o) = D0AE
Symbol: lmrBadChar (load_cmd.809_o) = D3F5
Symbol: lmrDone (load_cmd.809_o) = D3FC
Symbol: lmrIgnore (load_cmd.809_o) = D3D7
Symbol: lmrNine (load_cmd.809_o) = D32B
Symbol: lmrNotSupported (load_cmd.809_o) = D3DE
Symbol: lmrOne (load_cmd.809_o) = D36E
Symbol: lmrS1DataDone (load_cmd.809_o) = D3B1
Symbol: lmrS1Next (load_cmd.809_o) = D39C
Symbol: lmrS1OK (load_cmd.809_o) = D3D0
Symbol: lmrS9OK (load_cmd.809_o) = D366
Symbol: lmr_bad_format_msg (load_cmd.809_o) = D3FE
Symbol: lmr_bad_xsum_msg (load_cmd.809_o) = D44D
Symbol: lmr_record_not_supported (load_cmd.809_o) = D42F
Symbol: loadCommand (load_cmd.809_o) = CF23
Symbol: loadFn (load_cmd.809_o) = CFF5
Symbol: loadHelp (load_cmd.809_o) = CF28
Symbol: loadMoto (load_cmd.809_o) = D0A7
Symbol: loadMotoRecord (load_cmd.809_o) = D2EE
Symbol: load_aborted_msg (load_cmd.809_o) = D181
Symbol: load_eof_err_msg (load_cmd.809_o) = D24A
Symbol: load_not_supported_msg (load_cmd.809_o) = D2AC
Symbol: load_ok_msg (load_cmd.809_o) = D18E
Symbol: load_xsum_err_msg (load_cmd.809_o) = D272
Symbol: loadiHex (load_cmd.809_o) = D089
Symbol: loadiHexRecord (load_cmd.809_o) = D19B
Symbol: loading_msg (load_cmd.809_o) = D0E5
Symbol: loop (bobmon.809_o) = C383
Symbol: maDone (args.809_o) = C29F
Symbol: maEndArg (args.809_o) = C29A
Symbol: maNonWhite (args.809_o) = C27F
Symbol: maSkipArg (args.809_o) = C288
Symbol: maSkipWhite (args.809_o) = C278
Symbol: makeArgs (args.809_o) = C26E
Symbol: matchCommand (commands.809_o) = C6F9
Symbol: mcDone (commands.809_o) = C71E
Symbol: mcNoMatch (commands.809_o) = C71A
Symbol: mcTryNext (commands.809_o) = C707
Symbol: moto_msg (load_cmd.809_o) = D133
Symbol: next (putnpStr.809_o) = C240
Symbol: nextChar (skipLine.809_o) = C24E
Symbol: noCFMsg (cf_io.809_o) = C56F
Symbol: noDisk_msg (load_cmd.809_o) = D040
Symbol: noEcho (stdio.809_o) = D6E1
Symbol: noMatch (disk_cmd.809_o) = CA0D
Symbol: notCR (stdio.809_o) = D6CE
Symbol: notCR (syscalls.809_o) = D7F0
Symbol: notLF (stdio.809_o) = D6D4
Symbol: notNumber (getHexDigit.809_o) = C13F
Symbol: not_found_msg (devices.809_o) = C8D4
Symbol: number (putHexDigit.809_o) = C1FB
Symbol: opbyte (disasm.809_o) = 17815
Symbol: ops (disasm.809_o) = 78FB
Symbol: opsp1 (disasm.809_o) = 79FB
Symbol: opsp2 (disasm.809_o) = 7A49
Symbol: packNextName (fat16.809_o) = CDF3
Symbol: packNextSuff (fat16.809_o) = CE07
Symbol: padToCol (padToCol.809_o) = C187
Symbol: paddr (disasm.809_o) = 1781F
Symbol: pcNoCR (stdio.809_o) = D6EE
Symbol: pcNoInc (stdio.809_o) = D6FE
Symbol: pdnChar (devices.809_o) = C916
Symbol: phex (disasm.809_o) = 7D74
Symbol: phex2 (disasm.809_o) = 7D6A
Symbol: phex4d (disasm.809_o) = 7D66
Symbol: pnIsBin (printNum.809_o) = C1BD
Symbol: pnIsHex (printNum.809_o) = C1C6
Symbol: pnOutput (printNum.809_o) = C1CD
Symbol: popcode (disasm.809_o) = 1781D
Symbol: poperand (disasm.809_o) = 1781B
Symbol: ppcNope (putPrintableChar.809_o) = C225
Symbol: ppcOk (putPrintableChar.809_o) = C228
Symbol: preInitConsole (devices.809_o) = C87B
Symbol: priCFMsg (cf_io.809_o) = C587
Symbol: print (unassemble_cmd.809_o) = D8ED
Symbol: printNum (printNum.809_o) = C1A0
Symbol: prompt_msg (bobmon.809_o) = C40F
Symbol: pshpultab (disasm.809_o) = 78F9
Symbol: ptopcode (disasm.809_o) = 17819
Symbol: ptoperand (disasm.809_o) = 17817
Symbol: putChar (stdio.809_o) = D6E3
Symbol: putDevName (devices.809_o) = C908
Symbol: putHexByte (putHexByte.809_o) = C1DC
Symbol: putHexDigit (putHexDigit.809_o) = C1EF
Symbol: putHexWord (putHexWord.809_o) = C201
Symbol: putNL (putNL.809_o) = C20D
Symbol: putPrintableChar (putPrintableChar.809_o) = C21B
Symbol: putStr (putStr.809_o) = C22D
Symbol: putnpStr (putnpStr.809_o) = C23B
Symbol: quickMemCheck (bobmon.809_o) = C3F0
Symbol: radixCommand (radix_cmds.809_o) = D500
Symbol: radixFn (radix_cmds.809_o) = D5BD
Symbol: radixHelp (radix_cmds.809_o) = D506
Symbol: radix_binary_msg (radix_cmds.809_o) = D603
Symbol: radix_dec_msg (radix_cmds.809_o) = D60A
Symbol: radix_hex_msg (radix_cmds.809_o) = D61B
Symbol: radix_msg (radix_cmds.809_o) = D5EC
Symbol: rclDelete (commands.809_o) = C763
Symbol: rclEOL (commands.809_o) = C786
Symbol: rclNextChar (commands.809_o) = C747
Symbol: rclNonPrintable (commands.809_o) = C754
Symbol: rclPrintable (commands.809_o) = C77D
Symbol: readCommandLine (commands.809_o) = C743
Symbol: regA (disasm.809_o) = 786B
Symbol: regA_msg (register_cmd.809_o) = D6A2
Symbol: regB (disasm.809_o) = 78CC
Symbol: regB_msg (register_cmd.809_o) = D6A5
Symbol: regCC (disasm.809_o) = 7844
Symbol: regD (disasm.809_o) = 783B
Symbol: regDP (disasm.809_o) = 78DC
Symbol: regPC (disasm.809_o) = 78E0
Symbol: regS (disasm.809_o) = 7847
Symbol: regS_msg (register_cmd.809_o) = D6B5
Symbol: regU (disasm.809_o) = 78DF
Symbol: regU_msg (register_cmd.809_o) = D6B1
Symbol: regX (disasm.809_o) = 7835
Symbol: regX_msg (register_cmd.809_o) = D6A9
Symbol: regY (disasm.809_o) = 78DE
Symbol: regY_msg (register_cmd.809_o) = D6AD
Symbol: registersCommand (register_cmd.809_o) = D627
Symbol: registersFn (register_cmd.809_o) = D64B
Symbol: registersHelp (register_cmd.809_o) = D631
Symbol: rootLSNMsg (boot_cmd.809_o) = C547
Symbol: s_code (<synthetic>) = C000
Symbol: s_globals (<synthetic>) = 77EB
Symbol: s_vectors (<synthetic>) = FFF0
Symbol: scrNo (mc6850.809_o) = D4D8
Symbol: scwNo (mc6850.809_o) = D4E3
Symbol: secCFMsg (cf_io.809_o) = C597
Symbol: sep_msg (devices.809_o) = C965
Symbol: serialCanRead (mc6850.809_o) = D4CE
Symbol: serialCanWrite (mc6850.809_o) = D4D9
Symbol: serialGetChar (mc6850.809_o) = D4F2
Symbol: serialInit (mc6850.809_o) = D4B4
Symbol: serialPutChar (mc6850.809_o) = D4E4
Symbol: serial_device_name (mc6850.809_o) = D4A8
Symbol: sgcWait (mc6850.809_o) = D4F6
Symbol: siDone (mc6850.809_o) = D4CC
Symbol: siNoDevice (mc6850.809_o) = D4CA
Symbol: singleMatch (commands.809_o) = C723
Symbol: skip (devices.809_o) = C91D
Symbol: skipCR (stdio.809_o) = D6BF
Symbol: skipLine (skipLine.809_o) = C24C
Symbol: skipWhite (string_functions.809_o) = D721
Symbol: slidetext (disasm.809_o) = 7B9D
Symbol: smDone (commands.809_o) = C741
Symbol: smEndCmd (commands.809_o) = C73F
Symbol: smNext (commands.809_o) = C728
Symbol: sp (disasm.809_o) = 78E2
Symbol: spcWait (mc6850.809_o) = D4E8
Symbol: sphex2 (disasm.809_o) = 7D4C
Symbol: sphex4 (disasm.809_o) = 7D56
Symbol: sthDone (string_functions.809_o) = D7B8
Symbol: sthEnd (string_functions.809_o) = D7AC
Symbol: sthNext (string_functions.809_o) = D772
Symbol: sthOverflow (string_functions.809_o) = D7B3
Symbol: strToHex (string_functions.809_o) = D76C
Symbol: strToUpper (strToUpper.809_o) = C257
Symbol: strcpy (disasm.809_o) = 7D7F
Symbol: strcpy10 (disasm.809_o) = 7D86
Symbol: strcpydone (disasm.809_o) = 7D8E
Symbol: swEOL (string_functions.809_o) = D73D
Symbol: swEOS (string_functions.809_o) = D73D
Symbol: swLoop (string_functions.809_o) = D723
Symbol: swNext (string_functions.809_o) = D739
Symbol: sysGetChar (syscalls.809_o) = D7E5
Symbol: sysPut2Hex (syscalls.809_o) = D806
Symbol: sysPut4Hex (syscalls.809_o) = D811
Symbol: sysPutChar (syscalls.809_o) = D7F3
Symbol: sysPutNL (syscalls.809_o) = D81E
Symbol: sysPutNLStr (syscalls.809_o) = D7FD
Symbol: sysPutSpace (syscalls.809_o) = D822
Symbol: sysPutStr (syscalls.809_o) = D7F9
Symbol: sysTerminate (syscalls.809_o) = D828
Symbol: system_ready_msg (bobmon.809_o) = C412
Symbol: t2 (disasm.809_o) = 78E3
Symbol: t3 (disasm.809_o) = 78E4
Symbol: tabx (disasm.809_o) = 7835
Symbol: tadc (disasm.809_o) = 7838
Symbol: tadd (disasm.809_o) = 783B
Symbol: tand (disasm.809_o) = 783E
Symbol: tar (disasm.809_o) = 78ED
Symbol: tasr (disasm.809_o) = 7841
Symbol: tbcc (disasm.809_o) = 7844
Symbol: tbcs (disasm.809_o) = 7847
Symbol: tbeq (disasm.809_o) = 784A
Symbol: tbge (disasm.809_o) = 784D
Symbol: tbgt (disasm.809_o) = 7850
Symbol: tbhi (disasm.809_o) = 7853
Symbol: tbit (disasm.809_o) = 7856
Symbol: tble (disasm.809_o) = 7859
Symbol: tbls (disasm.809_o) = 785C
Symbol: tblt (disasm.809_o) = 785F
Symbol: tbmi (disasm.809_o) = 7862
Symbol: tbne (disasm.809_o) = 7865
Symbol: tbpl (disasm.809_o) = 7868
Symbol: tbr (disasm.809_o) = 78EB
Symbol: tbra (disasm.809_o) = 786B
Symbol: tbrn (disasm.809_o) = 786E
Symbol: tbsr (disasm.809_o) = 7871
Symbol: tbvc (disasm.809_o) = 7874
Symbol: tbvs (disasm.809_o) = 7877
Symbol: tclr (disasm.809_o) = 787A
Symbol: tcm (disasm.809_o) = 78E6
Symbol: tcmm (disasm.809_o) = 78E8
Symbol: tcmp (disasm.809_o) = 787D
Symbol: tcom (disasm.809_o) = 7880
Symbol: tcwai (disasm.809_o) = 7883
Symbol: tdaa (disasm.809_o) = 7887
Symbol: tdec (disasm.809_o) = 788A
Symbol: tdr (disasm.809_o) = 78EF
Symbol: teor (disasm.809_o) = 788D
Symbol: terminatedOK (bobmon.809_o) = C338
Symbol: texg (disasm.809_o) = 7890
Symbol: theaddr (disasm.809_o) = 7827
Symbol: thepage (disasm.809_o) = 17814
Symbol: tillegal (disasm.809_o) = 782E
Symbol: tinc (disasm.809_o) = 7893
Symbol: tjmp (disasm.809_o) = 7896
Symbol: tjsr (disasm.809_o) = 7899
Symbol: tld (disasm.809_o) = 789C
Symbol: tlea (disasm.809_o) = 789E
Symbol: tlsl (disasm.809_o) = 78A1
Symbol: tlsr (disasm.809_o) = 78A4
Symbol: tmul (disasm.809_o) = 78A7
Symbol: tneg (disasm.809_o) = 78AA
Symbol: tnop (disasm.809_o) = 78AD
Symbol: tor (disasm.809_o) = 78B0
Symbol: tpsh (disasm.809_o) = 78B2
Symbol: tpul (disasm.809_o) = 78B5
Symbol: trol (disasm.809_o) = 78B8
Symbol: tror (disasm.809_o) = 78BB
Symbol: trti (disasm.809_o) = 78BE
Symbol: trts (disasm.809_o) = 78C1
Symbol: tsbc (disasm.809_o) = 78C4
Symbol: tsex (disasm.809_o) = 78C7
Symbol: tst (disasm.809_o) = 78CA
Symbol: tsub (disasm.809_o) = 78CC
Symbol: tswi (disasm.809_o) = 78CF
Symbol: tsync (disasm.809_o) = 78D2
Symbol: ttfr (disasm.809_o) = 78D6
Symbol: ttst (disasm.809_o) = 78D9
Symbol: unassembleCommand (unassemble_cmd.809_o) = D82E
Symbol: unassembleFn (unassemble_cmd.809_o) = D855
Symbol: unassembleHelp (unassemble_cmd.809_o) = D839
Symbol: unknown (disasm.809_o) = 78E5
Symbol: waitLoop (cf_io.809_o) = C5A9
Symbol: windowCommand (window_cmd.809_o) = D8F9
Symbol: windowFn (window_cmd.809_o) = D934
Symbol: windowHelp (window_cmd.809_o) = D900
Symbol: wordValue (string_functions.809_o) = 77ED
Symbol: zobCommand (zob_cmd.809_o) = D9A9
Symbol: zobFn (zob_cmd.809_o) = D9C3
Symbol: zobHelp (zob_cmd.809_o) = D9AD
Symbol: zobMaxArgs (zob_cmd.809_o) = D9A9
Symbol: zobMinArgs (zob_cmd.809_o) = D9A9
Symbol: zwDone (zob_cmd.809_o) = D9DD
Symbol: zzlast (disasm.809_o) = 7D94
