Section: code (binToBin.809_o) load at C000, length 0020
Section: code (binToBinDigits.809_o) load at C020, length 0028
Section: code (binToDec.809_o) load at C048, length 0066
Section: code (binToHex.809_o) load at C0AE, length 003D
Section: code (binToHexDigit.809_o) load at C0EB, length 001D
Section: code (clearLSN.809_o) load at C108, length 000B
Section: code (copyLSN.809_o) load at C113, length 000C
Section: code (getHexByte.809_o) load at C11F, length 0011
Section: code (getHexDigit.809_o) load at C130, length 0020
Section: code (getHexWord.809_o) load at C150, length 000B
Section: code (getLChar.809_o) load at C15B, length 000E
Section: code (incLSN.809_o) load at C169, length 001E
Section: code (padToCol.809_o) load at C187, length 0019
Section: code (printNum.809_o) load at C1A0, length 003C
Section: code (putHexByte.809_o) load at C1DC, length 0013
Section: code (putHexDigit.809_o) load at C1EF, length 0012
Section: code (putHexWord.809_o) load at C201, length 000C
Section: code (putNL.809_o) load at C20D, length 000E
Section: code (putPrintableChar.809_o) load at C21B, length 0012
Section: code (putStr.809_o) load at C22D, length 000E
Section: code (putnpStr.809_o) load at C23B, length 0011
Section: code (skipLine.809_o) load at C24C, length 000B
Section: code (strToUpper.809_o) load at C257, length 0017
Section: code (args.809_o) load at C26E, length 0062
Section: code (bobmon.809_o) load at C2D0, length 0248
Section: code (boot_cmd.809_o) load at C518, length 0057
Section: code (cf_io.809_o) load at C56F, length 0133
Section: code (commands.809_o) load at C6A2, length 0104
Section: code (cpu_cmd.809_o) load at C7A6, length 00F9
Section: code (devices.809_o) load at C89F, length 00F6
Section: code (disasm.809_o) load at C995, length 0003
Section: code (disk_cmd.809_o) load at C998, length 01B8
Section: code (dump_cmd.809_o) load at CB50, length 0112
Section: code (fat16.809_o) load at CC62, length 01EF
Section: code (go_cmd.809_o) load at CE51, length 00A0
Section: code (help_cmd.809_o) load at CEF1, length 0076
Section: code (load_cmd.809_o) load at CF67, length 0596
Section: code (mc6850.809_o) load at D4FD, length 0076
Section: code (radix_cmds.809_o) load at D573, length 012B
Section: code (register_cmd.809_o) load at D69E, length 0093
Section: code (stdio.809_o) load at D731, length 004E
Section: code (string_functions.809_o) load at D77F, length 00B2
Section: code (syscalls.809_o) load at D831, length 0075
Section: code (unassemble_cmd.809_o) load at D8A6, length 00CE
Section: code (window_cmd.809_o) load at D974, length 00B3
Section: vectors (system_vectors.809_o) load at FFF0, length 0010
Section: globals (putPrintableChar.809_o) load at 7FFE, length 0001
Section: globals (bobmon.809_o) load at 7FED, length 0011
Section: globals (cf_io.809_o) load at 7DE9, length 0204
Section: globals (commands.809_o) load at 7D96, length 0053
Section: globals (devices.809_o) load at 7D94, length 0002
Section: globals (disasm.809_o) load at 7821, length 0573
Section: globals (fat16.809_o) load at 7804, length 001D
Section: globals (load_cmd.809_o) load at 77FF, length 0005
Section: globals (radix_cmds.809_o) load at 77FE, length 0001
Section: globals (register_cmd.809_o) load at 77F4, length 000A
Section: globals (stdio.809_o) load at 77EF, length 0005
Section: globals (string_functions.809_o) load at 77ED, length 0002
Section: globals (unassemble_cmd.809_o) load at 77EB, length 0002
Symbol: \02code (args.809_o) = C26E
Symbol: \02code (binToBin.809_o) = C000
Symbol: \02code (binToBinDigits.809_o) = C020
Symbol: \02code (binToDec.809_o) = C048
Symbol: \02code (binToHex.809_o) = C0AE
Symbol: \02code (binToHexDigit.809_o) = C0EB
Symbol: \02code (bobmon.809_o) = C2D0
Symbol: \02code (boot_cmd.809_o) = C518
Symbol: \02code (cf_io.809_o) = C56F
Symbol: \02code (clearLSN.809_o) = C108
Symbol: \02code (commands.809_o) = C6A2
Symbol: \02code (copyLSN.809_o) = C113
Symbol: \02code (cpu_cmd.809_o) = C7A6
Symbol: \02code (devices.809_o) = C89F
Symbol: \02code (disasm.809_o) = C995
Symbol: \02code (disk_cmd.809_o) = C998
Symbol: \02code (dump_cmd.809_o) = CB50
Symbol: \02code (fat16.809_o) = CC62
Symbol: \02code (getHexByte.809_o) = C11F
Symbol: \02code (getHexDigit.809_o) = C130
Symbol: \02code (getHexWord.809_o) = C150
Symbol: \02code (getLChar.809_o) = C15B
Symbol: \02code (go_cmd.809_o) = CE51
Symbol: \02code (help_cmd.809_o) = CEF1
Symbol: \02code (incLSN.809_o) = C169
Symbol: \02code (load_cmd.809_o) = CF67
Symbol: \02code (mc6850.809_o) = D4FD
Symbol: \02code (padToCol.809_o) = C187
Symbol: \02code (printNum.809_o) = C1A0
Symbol: \02code (putHexByte.809_o) = C1DC
Symbol: \02code (putHexDigit.809_o) = C1EF
Symbol: \02code (putHexWord.809_o) = C201
Symbol: \02code (putNL.809_o) = C20D
Symbol: \02code (putPrintableChar.809_o) = C21B
Symbol: \02code (putStr.809_o) = C22D
Symbol: \02code (putnpStr.809_o) = C23B
Symbol: \02code (radix_cmds.809_o) = D573
Symbol: \02code (register_cmd.809_o) = D69E
Symbol: \02code (skipLine.809_o) = C24C
Symbol: \02code (stdio.809_o) = D731
Symbol: \02code (strToUpper.809_o) = C257
Symbol: \02code (string_functions.809_o) = D77F
Symbol: \02code (syscalls.809_o) = D831
Symbol: \02code (unassemble_cmd.809_o) = D8A6
Symbol: \02code (window_cmd.809_o) = D974
Symbol: \02globals (bobmon.809_o) = 7FED
Symbol: \02globals (cf_io.809_o) = 7DE9
Symbol: \02globals (commands.809_o) = 7D96
Symbol: \02globals (devices.809_o) = 7D94
Symbol: \02globals (disasm.809_o) = 7821
Symbol: \02globals (fat16.809_o) = 7804
Symbol: \02globals (load_cmd.809_o) = 77FF
Symbol: \02globals (putPrintableChar.809_o) = 7FFE
Symbol: \02globals (radix_cmds.809_o) = 77FE
Symbol: \02globals (register_cmd.809_o) = 77F4
Symbol: \02globals (stdio.809_o) = 77EF
Symbol: \02globals (string_functions.809_o) = 77ED
Symbol: \02globals (unassemble_cmd.809_o) = 77EB
Symbol: \02vectors (system_vectors.809_o) = FFF0
Symbol: ADDR (disasm.809_o) = 7821
Symbol: AM (disasm.809_o) = 7824
Symbol: BELL (bobmon.809_o) = 7FF4
Symbol: BS (bobmon.809_o) = 7FF5
Symbol: BlockDevices (devices.809_o) = C8A3
Symbol: CR (bobmon.809_o) = 7FFA
Symbol: CTRLC (bobmon.809_o) = 7FF0
Symbol: CharDevices (devices.809_o) = C89F
Symbol: DEL (bobmon.809_o) = 806C
Symbol: Done (binToBin.809_o) = C01E
Symbol: Done (binToHex.809_o) = C0E9
Symbol: Done (getLChar.809_o) = C168
Symbol: Done (incLSN.809_o) = C185
Symbol: Done (putStr.809_o) = C239
Symbol: Done (strToUpper.809_o) = C26C
Symbol: ERR (bobmon.809_o) = 7FED
Symbol: FIRST (disasm.809_o) = 782C
Symbol: LEN (disasm.809_o) = 7827
Symbol: LF (bobmon.809_o) = 7FF7
Symbol: Loop (putStr.809_o) = C22F
Symbol: Loop (strToUpper.809_o) = C259
Symbol: LowByte (binToHex.809_o) = C0CF
Symbol: MAX_ARGS (bobmon.809_o) = 7FF2
Symbol: MAX_LINE (bobmon.809_o) = 803D
Symbol: NO (bobmon.809_o) = 7FED
Symbol: Next (strToUpper.809_o) = C267
Symbol: OK (bobmon.809_o) = 7FEE
Symbol: OPCODE (disasm.809_o) = 7823
Symbol: OPTYPE (disasm.809_o) = 7825
Symbol: PAGE23 (disasm.809_o) = 782D
Symbol: POSTBYT (disasm.809_o) = 7826
Symbol: SPACE (bobmon.809_o) = 800D
Symbol: SWIDone (syscalls.809_o) = D85C
Symbol: SWIMax (syscalls.809_o) = D83A
Symbol: SWITable (syscalls.809_o) = D84A
Symbol: SWIend (syscalls.809_o) = D85C
Symbol: SerialDCB0 (mc6850.809_o) = D4FD
Symbol: SerialDCB1 (mc6850.809_o) = D50B
Symbol: SerialInfo (mc6850.809_o) = D519
Symbol: TAB (bobmon.809_o) = 7FF6
Symbol: TEMP (disasm.809_o) = 7828
Symbol: TEMP1 (disasm.809_o) = 782A
Symbol: YES (bobmon.809_o) = 7FEE
Symbol: Zero (binToBin.809_o) = C018
Symbol: Zero (binToHex.809_o) = C0E3
Symbol: addFATLen (fat16.809_o) = CCB5
Symbol: appTerminated (bobmon.809_o) = C309
Symbol: app_terminated_ok_msg (bobmon.809_o) = C368
Symbol: app_terminated_with_error_msg (bobmon.809_o) = C343
Symbol: at_msg (devices.809_o) = C98D
Symbol: attempt_msg (load_cmd.809_o) = D072
Symbol: badDigit (getHexDigit.809_o) = C14D
Symbol: bad_fmt_msg (load_cmd.809_o) = D1B3
Symbol: bfSizeOK (disk_cmd.809_o) = CA0E
Symbol: binToBin (binToBin.809_o) = C000
Symbol: binToBinDigits (binToBinDigits.809_o) = C020
Symbol: binToDec (binToDec.809_o) = C048
Symbol: binToHex (binToHex.809_o) = C0AE
Symbol: binToHexDigit (binToHexDigit.809_o) = C0EB
Symbol: binaryCommand (radix_cmds.809_o) = D5C2
Symbol: binaryFn (radix_cmds.809_o) = D628
Symbol: binaryHelp (radix_cmds.809_o) = D5C9
Symbol: binaryMaxArgs (radix_cmds.809_o) = D573
Symbol: binaryMinArgs (radix_cmds.809_o) = D573
Symbol: blankNext (fat16.809_o) = CE26
Symbol: block_dev_msg (devices.809_o) = C97C
Symbol: bootCommand (boot_cmd.809_o) = C518
Symbol: bootFn (boot_cmd.809_o) = C53A
Symbol: bootHelp (boot_cmd.809_o) = C51D
Symbol: bootMaxArgs (boot_cmd.809_o) = C518
Symbol: bootMinArgs (boot_cmd.809_o) = C518
Symbol: bootMsg (boot_cmd.809_o) = C542
Symbol: btbdLoop (binToBinDigits.809_o) = C028
Symbol: btbdNext (binToBinDigits.809_o) = C036
Symbol: btbdOne (binToBinDigits.809_o) = C034
Symbol: btbdShift (binToBinDigits.809_o) = C03A
Symbol: btdBufferLoad (binToDec.809_o) = C0A3
Symbol: btdConvert (binToDec.809_o) = C053
Symbol: btdDiv10 (binToDec.809_o) = C055
Symbol: btdHundred (binToDec.809_o) = C068
Symbol: btdOnes (binToDec.809_o) = C081
Symbol: btdTens (binToDec.809_o) = C075
Symbol: btdThousand (binToDec.809_o) = C059
Symbol: bthdDone (binToHexDigit.809_o) = C106
Symbol: bthdLetter (binToHexDigit.809_o) = C0FE
Symbol: bthdMustPrint (binToHexDigit.809_o) = C0F6
Symbol: bthdStash (binToHexDigit.809_o) = C102
Symbol: bufsiz (disasm.809_o) = 784E
Symbol: caddroptop (disasm.809_o) = 7D36
Symbol: cfInfo (cf_io.809_o) = C631
Symbol: cfInit (cf_io.809_o) = C56F
Symbol: cfRdNext (cf_io.809_o) = C5EE
Symbol: cfRdWait (cf_io.809_o) = C5EE
Symbol: cfRead (cf_io.809_o) = C5D4
Symbol: cfReadBuff (cf_io.809_o) = C5E6
Symbol: cfSetLSN (cf_io.809_o) = C619
Symbol: cfWait (cf_io.809_o) = C5CA
Symbol: cfWrNext (cf_io.809_o) = C608
Symbol: cfWrWait (cf_io.809_o) = C608
Symbol: cfWrite (cf_io.809_o) = C5FE
Symbol: cfiFWMsg (cf_io.809_o) = C68C
Symbol: cfiModelMsg (cf_io.809_o) = C697
Symbol: cfiSerMsg (cf_io.809_o) = C681
Symbol: charToHex (string_functions.809_o) = D7B7
Symbol: char_dev_msg (devices.809_o) = C967
Symbol: clAmbiguousCommand (bobmon.809_o) = C3E8
Symbol: clTooFewArgs (bobmon.809_o) = C3DF
Symbol: clTooManyArgs (bobmon.809_o) = C3D6
Symbol: clUnknownCommand (bobmon.809_o) = C3F2
Symbol: cl_ambiguous_msg (bobmon.809_o) = C46E
Symbol: cl_too_few_msg (bobmon.809_o) = C49B
Symbol: cl_too_many_msg (bobmon.809_o) = C4BE
Symbol: cl_unknown_msg (bobmon.809_o) = C487
Symbol: clearLSN (clearLSN.809_o) = C108
Symbol: cmd_table (commands.809_o) = C6A2
Symbol: cmpNextChar (disk_cmd.809_o) = C9ED
Symbol: coptop (disasm.809_o) = 7D3C
Symbol: copyLSN (copyLSN.809_o) = C113
Symbol: cpuCommand (cpu_cmd.809_o) = C7A6
Symbol: cpuFn (cpu_cmd.809_o) = C7C6
Symbol: cpuHelp (cpu_cmd.809_o) = C7AA
Symbol: cpuMaxArgs (cpu_cmd.809_o) = C7A6
Symbol: cpuMinArgs (cpu_cmd.809_o) = C7A6
Symbol: cpu_6809_msg (bobmon.809_o) = C2FB
Symbol: cthDone (string_functions.809_o) = D7E3
Symbol: cthErr (string_functions.809_o) = D7E1
Symbol: cthNotNum (string_functions.809_o) = D7C3
Symbol: cthNotUpper (string_functions.809_o) = D7D1
Symbol: cthOk (string_functions.809_o) = D7DD
Symbol: daDot (dump_cmd.809_o) = CC58
Symbol: daLoop (dump_cmd.809_o) = CC5A
Symbol: daNext (dump_cmd.809_o) = CC4E
Symbol: daPrNextArg (args.809_o) = C2BD
Symbol: da_msg_1 (args.809_o) = C2CA
Symbol: dbNext (dump_cmd.809_o) = CC3B
Symbol: dc6309 (cpu_cmd.809_o) = C7DE
Symbol: dcDone (cpu_cmd.809_o) = C816
Symbol: dcNative (cpu_cmd.809_o) = C80F
Symbol: dcRTI (cpu_cmd.809_o) = C7FC
Symbol: dc_6309_msg (cpu_cmd.809_o) = C846
Symbol: dc_6809_msg (cpu_cmd.809_o) = C830
Symbol: dc_emulation_msg (cpu_cmd.809_o) = C85C
Symbol: dc_native_msg (cpu_cmd.809_o) = C87F
Symbol: dc_testing_msg (cpu_cmd.809_o) = C817
Symbol: ddAllArgs (dump_cmd.809_o) = CBB6
Symbol: ddBadArgs (dump_cmd.809_o) = CBAD
Symbol: ddDone (dump_cmd.809_o) = CBE2
Symbol: ddJustAddress (dump_cmd.809_o) = CBCA
Symbol: ddPr (unassemble_cmd.809_o) = D958
Symbol: ddPr2 (unassemble_cmd.809_o) = D95E
Symbol: ddPr4 (unassemble_cmd.809_o) = D964
Symbol: ddProceed (dump_cmd.809_o) = CBDD
Symbol: dd_msg_1 (dump_cmd.809_o) = CBE3
Symbol: ddiBadRoot_msg (disk_cmd.809_o) = CA5D
Symbol: ddiBlockBuff_msg (disk_cmd.809_o) = CAC7
Symbol: ddiBootName (disk_cmd.809_o) = CB45
Symbol: ddiCluster_msg (disk_cmd.809_o) = CB32
Symbol: ddiDone (disk_cmd.809_o) = CA40
Symbol: ddiFileSize_msg (disk_cmd.809_o) = CB14
Symbol: ddiFileSize_msg2 (disk_cmd.809_o) = CB1D
Symbol: ddiFound_msg (disk_cmd.809_o) = CADE
Symbol: ddiIncompatible (disk_cmd.809_o) = C9CB
Symbol: ddiMsg (disk_cmd.809_o) = C9D5
Symbol: ddiNoDisk (disk_cmd.809_o) = C9C5
Symbol: ddiNoDisk_msg (disk_cmd.809_o) = CA8B
Symbol: ddiNotFat (disk_cmd.809_o) = C9D1
Symbol: ddiNotFat_msg (disk_cmd.809_o) = CA9B
Symbol: ddiPrEnt (disk_cmd.809_o) = C9E1
Symbol: ddiSize_msg (disk_cmd.809_o) = CAF3
Symbol: ddiValid_msg (disk_cmd.809_o) = CA41
Symbol: ddsep_1_msg (unassemble_cmd.809_o) = D954
Symbol: decimalCommand (radix_cmds.809_o) = D595
Symbol: decimalFn (radix_cmds.809_o) = D622
Symbol: decimalHelp (radix_cmds.809_o) = D59D
Symbol: decimalMaxArgs (radix_cmds.809_o) = D573
Symbol: decimalMinArgs (radix_cmds.809_o) = D573
Symbol: dgBadArgs (go_cmd.809_o) = CEAB
Symbol: dgDone (go_cmd.809_o) = CEB2
Symbol: dgProceed (go_cmd.809_o) = CE93
Symbol: dg_bad_args_msg (go_cmd.809_o) = CECC
Symbol: dg_running_msg (go_cmd.809_o) = CEB3
Symbol: dhCmdDone (help_cmd.809_o) = CF41
Symbol: dhDone (help_cmd.809_o) = CF4B
Symbol: dhNext (help_cmd.809_o) = CF15
Symbol: dhPrChar (help_cmd.809_o) = CF3C
Symbol: dhPrNext (help_cmd.809_o) = CF2D
Symbol: dh_msg_1 (help_cmd.809_o) = CF4C
Symbol: disasm (disasm.809_o) = 7A84
Symbol: disasm10 (disasm.809_o) = 7AB3
Symbol: disassembleInstruction (unassemble_cmd.809_o) = D91D
Symbol: diskCommand (disk_cmd.809_o) = C998
Symbol: diskFn (disk_cmd.809_o) = C9AB
Symbol: diskHelp (disk_cmd.809_o) = C99D
Symbol: diskMaxArgs (disk_cmd.809_o) = C998
Symbol: diskMinArgs (disk_cmd.809_o) = C998
Symbol: dlAbort (load_cmd.809_o) = D11F
Symbol: dlDisk (load_cmd.809_o) = D049
Symbol: dlDone (load_cmd.809_o) = D128
Symbol: dlEnd (load_cmd.809_o) = D12F
Symbol: dlError (load_cmd.809_o) = D116
Symbol: dlNextLine (load_cmd.809_o) = D0B6
Symbol: dlNoDisk (load_cmd.809_o) = D068
Symbol: dlSerial (load_cmd.809_o) = D0A9
Symbol: dlSkipLine (load_cmd.809_o) = D0CF
Symbol: dloop (printNum.809_o) = C1CF
Symbol: doQuickByte (bobmon.809_o) = C405
Symbol: doQuickEnd (bobmon.809_o) = C416
Symbol: done (getHexDigit.809_o) = C14F
Symbol: done (unassemble_cmd.809_o) = D972
Symbol: drBinary (radix_cmds.809_o) = D64F
Symbol: drDone (radix_cmds.809_o) = D65F
Symbol: drHex (radix_cmds.809_o) = D658
Symbol: ds_msg_1 (dump_cmd.809_o) = CC2F
Symbol: ds_msg_2 (dump_cmd.809_o) = CC32
Symbol: duBadArgs (unassemble_cmd.809_o) = D8F8
Symbol: duDone (unassemble_cmd.809_o) = D8F7
Symbol: duNext (unassemble_cmd.809_o) = D8EE
Symbol: duNoArgs (unassemble_cmd.809_o) = D8E3
Symbol: du_msg_1 (unassemble_cmd.809_o) = D900
Symbol: dumpArgs (args.809_o) = C2A4
Symbol: dumpAscii (dump_cmd.809_o) = CC4A
Symbol: dumpBytes (dump_cmd.809_o) = CC37
Symbol: dumpCommand (dump_cmd.809_o) = CB50
Symbol: dumpFn (dump_cmd.809_o) = CB99
Symbol: dumpHelp (dump_cmd.809_o) = CB55
Symbol: dumpMaxArgs (dump_cmd.809_o) = CB52
Symbol: dumpMinArgs (dump_cmd.809_o) = CB50
Symbol: dumpSixteen (dump_cmd.809_o) = CC05
Symbol: dwDone (window_cmd.809_o) = D9E3
Symbol: dwOverflow (window_cmd.809_o) = D9DC
Symbol: dwSetWindow (window_cmd.809_o) = D9C9
Symbol: dw_msg_1 (window_cmd.809_o) = D9E4
Symbol: dw_msg_2 (window_cmd.809_o) = D9F8
Symbol: end (putnpStr.809_o) = C24A
Symbol: exgtfr (disasm.809_o) = 78F2
Symbol: fatDumpInfo (fat16.809_o) = CD68
Symbol: fatNextDirEnt (fat16.809_o) = CD01
Symbol: fatPackFileName (fat16.809_o) = CE19
Symbol: fatPrintDirEnt (fat16.809_o) = CD2E
Symbol: fatRewindDir (fat16.809_o) = CCE0
Symbol: fatValidDisk (fat16.809_o) = CC62
Symbol: fdi_msg_1 (fat16.809_o) = CDC5
Symbol: fdi_msg_2 (fat16.809_o) = CDCF
Symbol: fdi_msg_3 (fat16.809_o) = CDDD
Symbol: fdi_msg_4 (fat16.809_o) = CDF2
Symbol: fdi_msg_5 (fat16.809_o) = CE05
Symbol: fdirect (disasm.809_o) = 7B36
Symbol: fexg (disasm.809_o) = 7CBA
Symbol: fextended (disasm.809_o) = 7B42
Symbol: fi15off (disasm.809_o) = 7C68
Symbol: fi15pc (disasm.809_o) = 7C41
Symbol: fi15r (disasm.809_o) = 7C23
Symbol: fi7off (disasm.809_o) = 7C5E
Symbol: fi7pc (disasm.809_o) = 7C37
Symbol: fi7r (disasm.809_o) = 7C1F
Symbol: fiaddr (disasm.809_o) = 7C52
Symbol: fiar (disasm.809_o) = 7C11
Symbol: fiarfinish (disasm.809_o) = 7C29
Symbol: fibr (disasm.809_o) = 7C0D
Symbol: fidr (disasm.809_o) = 7C27
Symbol: fidxill (disasm.809_o) = 7C15
Symbol: fijmptab (disasm.809_o) = 7BC5
Symbol: fillegal (disasm.809_o) = 7B0D
Symbol: fimm16 (disasm.809_o) = 7B22
Symbol: fimmediate (disasm.809_o) = 7B0E
Symbol: fimmp (disasm.809_o) = 7C00
Symbol: fimp (disasm.809_o) = 7BEA
Symbol: fimpfinish (disasm.809_o) = 7BF5
Symbol: findex10 (disasm.809_o) = 7B6D
Symbol: findexdone (disasm.809_o) = 7BAA
Symbol: findexed (disasm.809_o) = 7B4E
Symbol: findexfull (disasm.809_o) = 7B83
Symbol: findop (disasm.809_o) = 7AFF
Symbol: findopfound (disasm.809_o) = 7B0B
Symbol: finherent (disasm.809_o) = 7B0D
Symbol: fioffdone (disasm.809_o) = 7C70
Symbol: fiopr16 (disasm.809_o) = 7C80
Symbol: fiopr8 (disasm.809_o) = 7C75
Symbol: fipcdone (disasm.809_o) = 7C46
Symbol: fir (disasm.809_o) = 7C07
Symbol: firp (disasm.809_o) = 7BAB
Symbol: firpp (disasm.809_o) = 7BE5
Symbol: flrelative (disasm.809_o) = 7C9D
Symbol: fndDone (fat16.809_o) = CD2C
Symbol: fndNoMore (fat16.809_o) = CD2A
Symbol: fndSame (fat16.809_o) = CD20
Symbol: found_err_msg (devices.809_o) = C8DF
Symbol: found_ok_msg (devices.809_o) = C8DC
Symbol: fpage1 (disasm.809_o) = 7AD4
Symbol: fpage2 (disasm.809_o) = 7AF7
Symbol: fpagerest (disasm.809_o) = 7ADA
Symbol: fpd1 (fat16.809_o) = CD3F
Symbol: fpdDone (fat16.809_o) = CD66
Symbol: fpdNoDot (fat16.809_o) = CD52
Symbol: fpdNotDir (fat16.809_o) = CD63
Symbol: fpdSuffix (fat16.809_o) = CD55
Symbol: fpfDone (fat16.809_o) = CE4F
Symbol: fpfDot (fat16.809_o) = CE3F
Symbol: fpushpull (disasm.809_o) = 7CE1
Symbol: fpushpull10 (disasm.809_o) = 7D01
Symbol: fpushpull20 (disasm.809_o) = 7D0D
Symbol: fpushpull50 (disasm.809_o) = 7D15
Symbol: fpushpullexit (disasm.809_o) = 7D20
Symbol: fpushpulls (disasm.809_o) = 7CEC
Symbol: frdOK (fat16.809_o) = CCFF
Symbol: frelative (disasm.809_o) = 7C8B
Symbol: frelptraddr (disasm.809_o) = 7CB5
Symbol: fripnt (disasm.809_o) = 7BB1
Symbol: fvdDone (fat16.809_o) = CCDE
Symbol: fvdIncompatible (fat16.809_o) = CCD5
Symbol: fvdInvalid (fat16.809_o) = CCD1
Symbol: fvdNoDev (fat16.809_o) = CCD9
Symbol: fvdOK (fat16.809_o) = CCDD
Symbol: g.LSN (cf_io.809_o) = 7FE9
Symbol: g.argc (bobmon.809_o) = 7FF0
Symbol: g.argv (bobmon.809_o) = 7FF1
Symbol: g.blockBuff (cf_io.809_o) = 7DE9
Symbol: g.commandLine (commands.809_o) = 7D99
Symbol: g.cpuType (bobmon.809_o) = 7FED
Symbol: g.currentCDev (devices.809_o) = 7D94
Symbol: g.currentColumn (stdio.809_o) = 77F1
Symbol: g.currentDir (fat16.809_o) = 780C
Symbol: g.currentDirEnt (fat16.809_o) = 7814
Symbol: g.dirBlock (fat16.809_o) = 7810
Symbol: g.echo (stdio.809_o) = 77F3
Symbol: g.fatBase (fat16.809_o) = 7804
Symbol: g.fatFileName (fat16.809_o) = 7816
Symbol: g.linesPerPage (bobmon.809_o) = 7FFD
Symbol: g.loadAddress (load_cmd.809_o) = 7800
Symbol: g.loadLength (load_cmd.809_o) = 77FF
Symbol: g.loadType (load_cmd.809_o) = 7802
Symbol: g.loadXsum (load_cmd.809_o) = 7803
Symbol: g.matchCount (commands.809_o) = 7D98
Symbol: g.matchedCCB (commands.809_o) = 7D96
Symbol: g.memoryAddress (bobmon.809_o) = 7FFB
Symbol: g.prevChar (stdio.809_o) = 77F2
Symbol: g.radix (radix_cmds.809_o) = 77FE
Symbol: g.ramEnd (bobmon.809_o) = 7FEE
Symbol: g.regA (register_cmd.809_o) = 77F4
Symbol: g.regB (register_cmd.809_o) = 77F5
Symbol: g.regS (register_cmd.809_o) = 77FC
Symbol: g.regU (register_cmd.809_o) = 77FA
Symbol: g.regX (register_cmd.809_o) = 77F6
Symbol: g.regY (register_cmd.809_o) = 77F8
Symbol: g.rootDir (fat16.809_o) = 7808
Symbol: g.sectorsPerFat (fat16.809_o) = 7806
Symbol: g.unassembleAddress (unassemble_cmd.809_o) = 77EB
Symbol: g.unprintable (putPrintableChar.809_o) = 7FFE
Symbol: g.unprintable (stdio.809_o) = 77EF
Symbol: g.upperNibble (stdio.809_o) = 77F0
Symbol: gbap (disasm.809_o) = 7B1C
Symbol: getChar (stdio.809_o) = D731
Symbol: getHexByte (getHexByte.809_o) = C11F
Symbol: getHexDigit (getHexDigit.809_o) = C130
Symbol: getHexWord (getHexWord.809_o) = C150
Symbol: getLChar (getLChar.809_o) = C15B
Symbol: getiHexChecksum (load_cmd.809_o) = D292
Symbol: getibyte (disasm.809_o) = 7D22
Symbol: getiword (disasm.809_o) = 7D2C
Symbol: goCommand (go_cmd.809_o) = CE51
Symbol: goFn (go_cmd.809_o) = CE7E
Symbol: goHelp (go_cmd.809_o) = CE54
Symbol: goMaxArgs (go_cmd.809_o) = CE52
Symbol: goMinArgs (go_cmd.809_o) = CE51
Symbol: gwap (disasm.809_o) = 7B30
Symbol: handle_firq (bobmon.809_o) = C517
Symbol: handle_irq (bobmon.809_o) = C517
Symbol: handle_nmi (bobmon.809_o) = C517
Symbol: handle_reset (bobmon.809_o) = C2D0
Symbol: handle_swi (syscalls.809_o) = D831
Symbol: handle_swi2 (bobmon.809_o) = C517
Symbol: handle_swi3 (bobmon.809_o) = C517
Symbol: handle_undef (bobmon.809_o) = C517
Symbol: helpCommand (help_cmd.809_o) = CEF1
Symbol: helpFn (help_cmd.809_o) = CF0A
Symbol: helpHelp (help_cmd.809_o) = CEF6
Symbol: helpMaxArgs (help_cmd.809_o) = CEF1
Symbol: helpMinArgs (help_cmd.809_o) = CEF1
Symbol: hexadecimalCommand (radix_cmds.809_o) = D5ED
Symbol: hexadecimalFn (radix_cmds.809_o) = D62E
Symbol: hexadecimalHelp (radix_cmds.809_o) = D5F9
Symbol: hexadecimalMaxArgs (radix_cmds.809_o) = D573
Symbol: hexadecimalMinArgs (radix_cmds.809_o) = D573
Symbol: iblDone (string_functions.809_o) = D797
Symbol: iblEOL (string_functions.809_o) = D795
Symbol: iblNext (string_functions.809_o) = D781
Symbol: idBlockDevs (devices.809_o) = C8CD
Symbol: idBlockDevsDone (devices.809_o) = C8DA
Symbol: idCharDevs (devices.809_o) = C8BE
Symbol: idCharDevsDone (devices.809_o) = C8CA
Symbol: idErr (devices.809_o) = C925
Symbol: idNext (devices.809_o) = C92D
Symbol: idNoDev (devices.809_o) = C91D
Symbol: ihex_msg (load_cmd.809_o) = D162
Symbol: incLSN (incLSN.809_o) = C169
Symbol: indexidx (disasm.809_o) = 17816
Symbol: indexreg (disasm.809_o) = 78F1
Symbol: iniLoop (bobmon.809_o) = C4E9
Symbol: init (disasm.809_o) = C995
Symbol: initBSS (bobmon.809_o) = C4DF
Symbol: initDevice (devices.809_o) = C906
Symbol: initDevices (devices.809_o) = C8B7
Symbol: initVars (bobmon.809_o) = C4F1
Symbol: is6809 (bobmon.809_o) = C2E2
Symbol: isBlankLine (string_functions.809_o) = D77F
Symbol: jmptab (disasm.809_o) = 7A5D
Symbol: justPad (padToCol.809_o) = C193
Symbol: l_code (<synthetic>) = 1A27
Symbol: l_globals (<synthetic>) = 0814
Symbol: l_vectors (<synthetic>) = 0010
Symbol: lihBadEOF (load_cmd.809_o) = D270
Symbol: lihBadFormat (load_cmd.809_o) = D287
Symbol: lihBadXsum (load_cmd.809_o) = D27D
Symbol: lihData (load_cmd.809_o) = D23A
Symbol: lihEnd (load_cmd.809_o) = D290
Symbol: lihEndRecord (load_cmd.809_o) = D269
Symbol: lihFetchDataByte (load_cmd.809_o) = D24C
Symbol: lihNext (load_cmd.809_o) = D0DF
Symbol: lihNoMoreData (load_cmd.809_o) = D25A
Symbol: lmNext (load_cmd.809_o) = D0FD
Symbol: lmrBadChar (load_cmd.809_o) = D45E
Symbol: lmrDone (load_cmd.809_o) = D465
Symbol: lmrIgnore (load_cmd.809_o) = D440
Symbol: lmrNine (load_cmd.809_o) = D394
Symbol: lmrNotSupported (load_cmd.809_o) = D447
Symbol: lmrOne (load_cmd.809_o) = D3D7
Symbol: lmrS1DataDone (load_cmd.809_o) = D41A
Symbol: lmrS1Next (load_cmd.809_o) = D405
Symbol: lmrS1OK (load_cmd.809_o) = D439
Symbol: lmrS9OK (load_cmd.809_o) = D3CF
Symbol: lmr_bad_format_msg (load_cmd.809_o) = D467
Symbol: lmr_bad_xsum_msg (load_cmd.809_o) = D4BC
Symbol: lmr_record_not_supported (load_cmd.809_o) = D49C
Symbol: loadCommand (load_cmd.809_o) = CF67
Symbol: loadFn (load_cmd.809_o) = D042
Symbol: loadHelp (load_cmd.809_o) = CF6C
Symbol: loadMaxArgs (load_cmd.809_o) = CF68
Symbol: loadMinArgs (load_cmd.809_o) = CF67
Symbol: loadMoto (load_cmd.809_o) = D0F6
Symbol: loadMotoRecord (load_cmd.809_o) = D357
Symbol: load_aborted_msg (load_cmd.809_o) = D1D8
Symbol: load_eof_err_msg (load_cmd.809_o) = D2A7
Symbol: load_not_supported_msg (load_cmd.809_o) = D311
Symbol: load_ok_msg (load_cmd.809_o) = D1E9
Symbol: load_xsum_err_msg (load_cmd.809_o) = D2D3
Symbol: loadiHex (load_cmd.809_o) = D0D8
Symbol: loadiHexRecord (load_cmd.809_o) = D1F8
Symbol: loading_msg (load_cmd.809_o) = D134
Symbol: loop (bobmon.809_o) = C38F
Symbol: maDone (args.809_o) = C29F
Symbol: maEndArg (args.809_o) = C29A
Symbol: maNonWhite (args.809_o) = C27F
Symbol: maSkipArg (args.809_o) = C288
Symbol: maSkipWhite (args.809_o) = C278
Symbol: makeArgs (args.809_o) = C26E
Symbol: matchCommand (commands.809_o) = C714
Symbol: mcDone (commands.809_o) = C739
Symbol: mcNoMatch (commands.809_o) = C735
Symbol: mcTryNext (commands.809_o) = C722
Symbol: moto_msg (load_cmd.809_o) = D186
Symbol: next (putnpStr.809_o) = C240
Symbol: nextChar (skipLine.809_o) = C24E
Symbol: noCFMsg (cf_io.809_o) = C58C
Symbol: noDisk_msg (load_cmd.809_o) = D08D
Symbol: noEcho (stdio.809_o) = D759
Symbol: noMatch (disk_cmd.809_o) = CA3A
Symbol: notCR (stdio.809_o) = D746
Symbol: notCR (syscalls.809_o) = D868
Symbol: notLF (stdio.809_o) = D74C
Symbol: notNumber (getHexDigit.809_o) = C13F
Symbol: not_found_msg (devices.809_o) = C8FE
Symbol: number (putHexDigit.809_o) = C1FB
Symbol: opbyte (disasm.809_o) = 17815
Symbol: ops (disasm.809_o) = 78FB
Symbol: opsp1 (disasm.809_o) = 79FB
Symbol: opsp2 (disasm.809_o) = 7A49
Symbol: packNextName (fat16.809_o) = CE31
Symbol: packNextSuff (fat16.809_o) = CE45
Symbol: padToCol (padToCol.809_o) = C187
Symbol: paddr (disasm.809_o) = 1781F
Symbol: pcNoCR (stdio.809_o) = D766
Symbol: pcNoInc (stdio.809_o) = D776
Symbol: pdnChar (devices.809_o) = C940
Symbol: phex (disasm.809_o) = 7D74
Symbol: phex2 (disasm.809_o) = 7D6A
Symbol: phex4d (disasm.809_o) = 7D66
Symbol: pnIsBin (printNum.809_o) = C1BD
Symbol: pnIsHex (printNum.809_o) = C1C6
Symbol: pnOutput (printNum.809_o) = C1CD
Symbol: popcode (disasm.809_o) = 1781D
Symbol: poperand (disasm.809_o) = 1781B
Symbol: ppcNope (putPrintableChar.809_o) = C225
Symbol: ppcOk (putPrintableChar.809_o) = C228
Symbol: preInitConsole (devices.809_o) = C8A5
Symbol: priCFMsg (cf_io.809_o) = C5A6
Symbol: print (unassemble_cmd.809_o) = D968
Symbol: printNum (printNum.809_o) = C1A0
Symbol: prompt_msg (bobmon.809_o) = C41B
Symbol: pshpultab (disasm.809_o) = 78F9
Symbol: ptopcode (disasm.809_o) = 17819
Symbol: ptoperand (disasm.809_o) = 17817
Symbol: putChar (stdio.809_o) = D75B
Symbol: putDevName (devices.809_o) = C932
Symbol: putHexByte (putHexByte.809_o) = C1DC
Symbol: putHexDigit (putHexDigit.809_o) = C1EF
Symbol: putHexWord (putHexWord.809_o) = C201
Symbol: putNL (putNL.809_o) = C20D
Symbol: putPrintableChar (putPrintableChar.809_o) = C21B
Symbol: putStr (putStr.809_o) = C22D
Symbol: putnpStr (putnpStr.809_o) = C23B
Symbol: quickMemCheck (bobmon.809_o) = C3FC
Symbol: radixCommand (radix_cmds.809_o) = D573
Symbol: radixFn (radix_cmds.809_o) = D634
Symbol: radixHelp (radix_cmds.809_o) = D579
Symbol: radixMaxArgs (radix_cmds.809_o) = D574
Symbol: radixMinArgs (radix_cmds.809_o) = D573
Symbol: radix_binary_msg (radix_cmds.809_o) = D67A
Symbol: radix_dec_msg (radix_cmds.809_o) = D681
Symbol: radix_hex_msg (radix_cmds.809_o) = D692
Symbol: radix_msg (radix_cmds.809_o) = D663
Symbol: rclDelete (commands.809_o) = C77E
Symbol: rclEOL (commands.809_o) = C7A1
Symbol: rclNextChar (commands.809_o) = C762
Symbol: rclNonPrintable (commands.809_o) = C76F
Symbol: rclPrintable (commands.809_o) = C798
Symbol: readCommandLine (commands.809_o) = C75E
Symbol: regA (disasm.809_o) = 786B
Symbol: regA_msg (register_cmd.809_o) = D71A
Symbol: regB (disasm.809_o) = 78CC
Symbol: regB_msg (register_cmd.809_o) = D71D
Symbol: regCC (disasm.809_o) = 7844
Symbol: regD (disasm.809_o) = 783B
Symbol: regDP (disasm.809_o) = 78DC
Symbol: regPC (disasm.809_o) = 78E0
Symbol: regS (disasm.809_o) = 7847
Symbol: regS_msg (register_cmd.809_o) = D72D
Symbol: regU (disasm.809_o) = 78DF
Symbol: regU_msg (register_cmd.809_o) = D729
Symbol: regX (disasm.809_o) = 7835
Symbol: regX_msg (register_cmd.809_o) = D721
Symbol: regY (disasm.809_o) = 78DE
Symbol: regY_msg (register_cmd.809_o) = D725
Symbol: registersCommand (register_cmd.809_o) = D69E
Symbol: registersFn (register_cmd.809_o) = D6C3
Symbol: registersHelp (register_cmd.809_o) = D6A8
Symbol: registersMaxArgs (register_cmd.809_o) = D69E
Symbol: registersMinArgs (register_cmd.809_o) = D69E
Symbol: rootLSNMsg (boot_cmd.809_o) = C564
Symbol: s_code (<synthetic>) = C000
Symbol: s_globals (<synthetic>) = 77EB
Symbol: s_vectors (<synthetic>) = FFF0
Symbol: scrNo (mc6850.809_o) = D54B
Symbol: scwNo (mc6850.809_o) = D556
Symbol: secCFMsg (cf_io.809_o) = C5B8
Symbol: sep_msg (devices.809_o) = C991
Symbol: serialCanRead (mc6850.809_o) = D541
Symbol: serialCanWrite (mc6850.809_o) = D54C
Symbol: serialGetChar (mc6850.809_o) = D565
Symbol: serialInit (mc6850.809_o) = D527
Symbol: serialPutChar (mc6850.809_o) = D557
Symbol: serial_device_name (mc6850.809_o) = D51B
Symbol: sgcWait (mc6850.809_o) = D569
Symbol: siDone (mc6850.809_o) = D53F
Symbol: siNoDevice (mc6850.809_o) = D53D
Symbol: singleMatch (commands.809_o) = C73E
Symbol: skip (devices.809_o) = C947
Symbol: skipCR (stdio.809_o) = D737
Symbol: skipLine (skipLine.809_o) = C24C
Symbol: skipWhite (string_functions.809_o) = D799
Symbol: slidetext (disasm.809_o) = 7B9D
Symbol: smDone (commands.809_o) = C75C
Symbol: smEndCmd (commands.809_o) = C75A
Symbol: smNext (commands.809_o) = C743
Symbol: sp (disasm.809_o) = 78E2
Symbol: spcWait (mc6850.809_o) = D55B
Symbol: sphex2 (disasm.809_o) = 7D4C
Symbol: sphex4 (disasm.809_o) = 7D56
Symbol: sthDone (string_functions.809_o) = D830
Symbol: sthEnd (string_functions.809_o) = D824
Symbol: sthNext (string_functions.809_o) = D7EA
Symbol: sthOverflow (string_functions.809_o) = D82B
Symbol: strToHex (string_functions.809_o) = D7E4
Symbol: strToUpper (strToUpper.809_o) = C257
Symbol: strcpy (disasm.809_o) = 7D7F
Symbol: strcpy10 (disasm.809_o) = 7D86
Symbol: strcpydone (disasm.809_o) = 7D8E
Symbol: swEOL (string_functions.809_o) = D7B5
Symbol: swEOS (string_functions.809_o) = D7B5
Symbol: swLoop (string_functions.809_o) = D79B
Symbol: swNext (string_functions.809_o) = D7B1
Symbol: sysGetChar (syscalls.809_o) = D85D
Symbol: sysPut2Hex (syscalls.809_o) = D87E
Symbol: sysPut4Hex (syscalls.809_o) = D889
Symbol: sysPutChar (syscalls.809_o) = D86B
Symbol: sysPutNL (syscalls.809_o) = D896
Symbol: sysPutNLStr (syscalls.809_o) = D875
Symbol: sysPutSpace (syscalls.809_o) = D89A
Symbol: sysPutStr (syscalls.809_o) = D871
Symbol: sysTerminate (syscalls.809_o) = D8A0
Symbol: system_ready_msg (bobmon.809_o) = C41E
Symbol: t2 (disasm.809_o) = 78E3
Symbol: t3 (disasm.809_o) = 78E4
Symbol: tabx (disasm.809_o) = 7835
Symbol: tadc (disasm.809_o) = 7838
Symbol: tadd (disasm.809_o) = 783B
Symbol: tand (disasm.809_o) = 783E
Symbol: tar (disasm.809_o) = 78ED
Symbol: tasr (disasm.809_o) = 7841
Symbol: tbcc (disasm.809_o) = 7844
Symbol: tbcs (disasm.809_o) = 7847
Symbol: tbeq (disasm.809_o) = 784A
Symbol: tbge (disasm.809_o) = 784D
Symbol: tbgt (disasm.809_o) = 7850
Symbol: tbhi (disasm.809_o) = 7853
Symbol: tbit (disasm.809_o) = 7856
Symbol: tble (disasm.809_o) = 7859
Symbol: tbls (disasm.809_o) = 785C
Symbol: tblt (disasm.809_o) = 785F
Symbol: tbmi (disasm.809_o) = 7862
Symbol: tbne (disasm.809_o) = 7865
Symbol: tbpl (disasm.809_o) = 7868
Symbol: tbr (disasm.809_o) = 78EB
Symbol: tbra (disasm.809_o) = 786B
Symbol: tbrn (disasm.809_o) = 786E
Symbol: tbsr (disasm.809_o) = 7871
Symbol: tbvc (disasm.809_o) = 7874
Symbol: tbvs (disasm.809_o) = 7877
Symbol: tclr (disasm.809_o) = 787A
Symbol: tcm (disasm.809_o) = 78E6
Symbol: tcmm (disasm.809_o) = 78E8
Symbol: tcmp (disasm.809_o) = 787D
Symbol: tcom (disasm.809_o) = 7880
Symbol: tcwai (disasm.809_o) = 7883
Symbol: tdaa (disasm.809_o) = 7887
Symbol: tdec (disasm.809_o) = 788A
Symbol: tdr (disasm.809_o) = 78EF
Symbol: teor (disasm.809_o) = 788D
Symbol: terminatedOK (bobmon.809_o) = C33A
Symbol: texg (disasm.809_o) = 7890
Symbol: theaddr (disasm.809_o) = 7827
Symbol: thepage (disasm.809_o) = 17814
Symbol: tillegal (disasm.809_o) = 782E
Symbol: tinc (disasm.809_o) = 7893
Symbol: tjmp (disasm.809_o) = 7896
Symbol: tjsr (disasm.809_o) = 7899
Symbol: tld (disasm.809_o) = 789C
Symbol: tlea (disasm.809_o) = 789E
Symbol: tlsl (disasm.809_o) = 78A1
Symbol: tlsr (disasm.809_o) = 78A4
Symbol: tmul (disasm.809_o) = 78A7
Symbol: tneg (disasm.809_o) = 78AA
Symbol: tnop (disasm.809_o) = 78AD
Symbol: tor (disasm.809_o) = 78B0
Symbol: tpsh (disasm.809_o) = 78B2
Symbol: tpul (disasm.809_o) = 78B5
Symbol: trol (disasm.809_o) = 78B8
Symbol: tror (disasm.809_o) = 78BB
Symbol: trti (disasm.809_o) = 78BE
Symbol: trts (disasm.809_o) = 78C1
Symbol: tsbc (disasm.809_o) = 78C4
Symbol: tsex (disasm.809_o) = 78C7
Symbol: tst (disasm.809_o) = 78CA
Symbol: tsub (disasm.809_o) = 78CC
Symbol: tswi (disasm.809_o) = 78CF
Symbol: tsync (disasm.809_o) = 78D2
Symbol: ttfr (disasm.809_o) = 78D6
Symbol: ttst (disasm.809_o) = 78D9
Symbol: unassembleCommand (unassemble_cmd.809_o) = D8A6
Symbol: unassembleFn (unassemble_cmd.809_o) = D8CE
Symbol: unassembleHelp (unassemble_cmd.809_o) = D8B1
Symbol: unassembleMaxArgs (unassemble_cmd.809_o) = D8A7
Symbol: unassembleMinArgs (unassemble_cmd.809_o) = D8A6
Symbol: unknown (disasm.809_o) = 78E5
Symbol: waitLoop (cf_io.809_o) = C5CC
Symbol: windowCommand (window_cmd.809_o) = D974
Symbol: windowFn (window_cmd.809_o) = D9B0
Symbol: windowHelp (window_cmd.809_o) = D97B
Symbol: windowMaxArgs (window_cmd.809_o) = D975
Symbol: windowMinArgs (window_cmd.809_o) = D974
Symbol: wordValue (string_functions.809_o) = 77ED
Symbol: zzlast (disasm.809_o) = 7D94
